============================================================
  Generated by:           Genus(TM) Synthesis Solution 21.19-s055_1
  Generated on:           Dec 06 2025  02:42:34 am
  Module:                 pipeline_multi_4in_32bit
  Technology library:     tsmc18 1.0
  Operating conditions:   slow (balanced_tree)
  Wireload mode:          enclosed
  Area mode:              timing library
============================================================

Timing
--------

Clock  Period 
--------------
CLK   10000.0 


  Cost    Critical         Violating 
 Group   Path Slack  TNS     Paths   
-------------------------------------
CLK             0.0   0.0          0 
default    No paths   0.0            
-------------------------------------
Total                 0.0          0 

Instance Count
--------------
Leaf Instance Count             12525 
Physical Instance count             0 
Sequential Instance Count         384 
Combinational Instance Count    12141 
Hierarchical Instance Count         0 

Area
----
Cell Area                          378943.494
Physical Cell Area                 0.000
Total Cell Area (Cell+Physical)    378943.494
Net Area                           0.000
Total Area (Cell+Physical+Net)     378943.494

Max Fanout                         384 (clk)
Min Fanout                         1 (stage1_result[27])
Average Fanout                     2.6
Terms to net ratio                 3.6279
Terms to instance ratio            4.5487
Runtime                            133.02978200000004 seconds
Elapsed Runtime                    173 seconds
Genus peak memory usage            2032.40 
Innovus peak memory usage          no_value 
Hostname                           localhost
