============================================================
  Generated by:           Genus(TM) Synthesis Solution 21.19-s055_1
  Generated on:           Dec 06 2025  02:42:34 am
  Module:                 pipeline_multi_4in_32bit
  Technology library:     tsmc18 1.0
  Operating conditions:   slow (balanced_tree)
  Wireload mode:          enclosed
  Area mode:              timing library
============================================================

          Pin                   Type      Fanout Load Slew Delay Arrival   
                                                 (fF) (ps)  (ps)   (ps)    
---------------------------------------------------------------------------
(clock CLK)                    launch                                  0 R 
stage2_result_reg[4]/CK                                  0    +0       0 R 
stage2_result_reg[4]/Q         SDFFHQX4        5 44.0  163  +319     319 R 
g277825/B                                                     +0     319   
g277825/Y                      XNOR2X4         4 40.4  112  +264     583 F 
mul_35_32_g269869/A                                           +0     583   
mul_35_32_g269869/Y            CLKINVX3        3 20.5  114   +86     669 R 
mul_35_32_g269868/A                                           +0     669   
mul_35_32_g269868/Y            INVX4          10 50.4   98   +81     750 F 
mul_35_32_g268131/B1                                          +0     750   
mul_35_32_g268131/Y            OAI22X2         4 14.3  371  +252    1002 R 
mul_35_32_g267440/A                                           +0    1002   
mul_35_32_g267440/Y            INVX1           1  3.8   91   +67    1069 F 
mul_35_32_g266385/A                                           +0    1069   
mul_35_32_g266385/Y            MXI2X1          1  5.5  262  +146    1215 R 
g277815/A                                                     +0    1215   
g277815/Y                      XOR2X1          1  4.2  104  +291    1506 R 
mul_35_32_g265389/CI                                          +0    1506   
mul_35_32_g265389/S            ADDFHX1         2  8.3  156  +382    1888 R 
mul_35_32_g265190/A                                           +0    1888   
mul_35_32_g265190/Y            NAND2X1         3  9.8  126  +102    1990 F 
mul_35_32_g265026/A1                                          +0    1990   
mul_35_32_g265026/Y            OAI21XL         1  2.1  204  +182    2172 R 
mul_35_32_g264631/AN                                          +0    2172   
mul_35_32_g264631/Y            NAND2BX1        2 10.3  196  +204    2376 R 
mul_35_32_g264544/A                                           +0    2376   
mul_35_32_g264544/Y            NAND2X1         1  4.0   89   +74    2450 F 
mul_35_32_g264481/A                                           +0    2450   
mul_35_32_g264481/Y            NAND2X1         3 10.3  194  +127    2577 R 
mul_35_32_g264376/A0                                          +0    2577   
mul_35_32_g264376/Y            AOI21X1         2  6.4  126  +114    2691 F 
mul_35_32_g264299/A                                           +0    2691   
mul_35_32_g264299/Y            NOR2X1          2  6.1  193  +142    2834 R 
mul_35_32_g264249/A                                           +0    2834   
mul_35_32_g264249/Y            NAND2X1         1  3.9   88   +73    2907 F 
mul_35_32_g264225/B                                           +0    2907   
mul_35_32_g264225/Y            NAND2BX1        3  9.7  189  +135    3042 R 
mul_35_32_g264186/A                                           +0    3042   
mul_35_32_g264186/Y            NAND2X1         1  4.0   88   +74    3115 F 
mul_35_32_g264152/A                                           +0    3115   
mul_35_32_g264152/Y            NAND2X1         3  8.3  170  +113    3228 R 
mul_35_32_g264047/A1N                                         +0    3228   
mul_35_32_g264047/Y            OAI2BB1X2       5 17.6  168  +214    3442 R 
mul_35_32_g263929/A0                                          +0    3442   
mul_35_32_g263929/Y            AOI31X1         3 10.0  186  +145    3587 F 
mul_35_32_g263883/A                                           +0    3587   
mul_35_32_g263883/Y            NOR2X1          2  6.1  198  +154    3741 R 
mul_35_32_g263844/A                                           +0    3741   
mul_35_32_g263844/Y            NAND2X1         1  3.9   88   +74    3814 F 
mul_35_32_g263810/B                                           +0    3814   
mul_35_32_g263810/Y            NAND2BX1        3  7.2  159  +118    3932 R 
mul_35_32_g263749/A1N                                         +0    3932   
mul_35_32_g263749/Y            OAI2BB1X1       3  7.2  162  +217    4149 R 
mul_35_32_g263705/A1N                                         +0    4149   
mul_35_32_g263705/Y            OAI2BB1X1       4 14.5  248  +269    4418 R 
mul_35_32_g263685/A                                           +0    4418   
mul_35_32_g263685/Y            NAND3X1         1  4.8  130  +104    4523 F 
mul_35_32_g263682/A                                           +0    4523   
mul_35_32_g263682/Y            NAND3X1         3  8.3  195  +129    4652 R 
mul_35_32_g263676/A1N                                         +0    4652   
mul_35_32_g263676/Y            OAI2BB1X2       3  8.3  116  +185    4837 R 
mul_35_32_g263672/A1N                                         +0    4837   
mul_35_32_g263672/Y            OAI2BB1X2       3 12.5  139  +186    5023 R 
mul_35_32_g263670/A                                           +0    5023   
mul_35_32_g263670/Y            INVX2           1  4.3   47   +42    5064 F 
mul_35_32_g263669/A                                           +0    5064   
mul_35_32_g263669/Y            NOR2X1          2  6.1  191  +124    5188 R 
mul_35_32_g263666/A                                           +0    5188   
mul_35_32_g263666/Y            NAND2X1         1  4.8   94   +78    5266 F 
mul_35_32_g263664/A                                           +0    5266   
mul_35_32_g263664/Y            NAND3X1         3  9.7  210  +128    5395 R 
mul_35_32_g263662/A                                           +0    5395   
mul_35_32_g263662/Y            NAND2X1         1  4.0   91   +75    5470 F 
mul_35_32_g263660/A                                           +0    5470   
mul_35_32_g263660/Y            NAND2X1         3 10.0  190  +125    5595 R 
mul_35_32_g263658/A1N                                         +0    5595   
mul_35_32_g263658/Y            OAI2BB1X4       5 20.1  133  +197    5792 R 
mul_35_32_g263657/A                                           +0    5792   
mul_35_32_g263657/Y            NAND3X1         1  4.0  134   +88    5880 F 
mul_35_32_g263654/A                                           +0    5880   
mul_35_32_g263654/Y            NAND2X1         2  7.5  164  +119    5999 R 
mul_35_32_g263649/A                                           +0    5999   
mul_35_32_g263649/Y            NAND2X1         1  4.3  100   +74    6073 F 
mul_35_32_g263644/B0                                          +0    6073   
mul_35_32_g263644/Y            OAI211X1        4 14.5  475  +177    6250 R 
mul_35_32_g263631/A                                           +0    6250   
mul_35_32_g263631/Y            NAND3X1         1  4.8  160  +124    6374 F 
mul_35_32_g263627/A                                           +0    6374   
mul_35_32_g263627/Y            NAND3X1         3  9.4  207  +144    6517 R 
mul_35_32_g263621/A1N                                         +0    6517   
mul_35_32_g263621/Y            OAI2BB1X2       3 11.1  131  +196    6713 R 
mul_35_32_g263619/A1N                                         +0    6713   
mul_35_32_g263619/Y            OAI2BB1X4       5 18.3  128  +184    6897 R 
mul_35_32_g263617/B                                           +0    6897   
mul_35_32_g263617/Y            NAND4BXL        1  4.4  192  +141    7038 F 
mul_35_32_g263613/B                                           +0    7038   
mul_35_32_g263613/Y            NAND3BX1        6 24.1  383  +262    7301 R 
mul_35_32_g263600/A0                                          +0    7301   
mul_35_32_g263600/Y            AOI21X1         2 11.7  194  +172    7472 F 
mul_35_32_g263594/A                                           +0    7472   
mul_35_32_g263594/Y            CLKINVX3        5 20.1  122   +98    7571 R 
mul_35_32_g263586/A0                                          +0    7571   
mul_35_32_g263586/Y            AOI31X1         5 18.9  274  +189    7760 F 
mul_35_32_g263577/A                                           +0    7760   
mul_35_32_g263577/Y            CLKINVX2        1  4.6   86   +76    7835 R 
mul_35_32_g263546/A0                                          +0    7835   
mul_35_32_g263546/Y            AOI21X1         3 11.8  184  +122    7958 F 
mul_35_32_g263534/B                                           +0    7958   
mul_35_32_g263534/Y            NOR4BX1         2  9.2  457  +334    8292 R 
mul_35_32_g263506/A0                                          +0    8292   
mul_35_32_g263506/Y            AOI221X1        4 13.6  277  +217    8509 F 
mul_35_32_g263476/A0                                          +0    8509   
mul_35_32_g263476/Y            OAI221XL        3 10.7  606  +365    8874 R 
mul_35_32_g263455/B                                           +0    8874   
mul_35_32_g263455/Y            NAND2BX1        2  9.0  170  +127    9000 F 
mul_35_32_g263444/A0                                          +0    9000   
mul_35_32_g263444/Y            OAI221X1        3 11.4  510  +284    9285 R 
mul_35_32_g263436/A0                                          +0    9285   
mul_35_32_g263436/Y            AOI21X1         2  5.7  164  +149    9434 F 
mul_35_32_g263435/A1N                                         +0    9434   
mul_35_32_g263435/Y            OAI2BB2XL       1  2.8  112  +210    9643 F 
stage3_result_reg[127]/D  <<<  SDFFXL                         +0    9643   
stage3_result_reg[127]/CK      setup                     0  +357   10000 R 
- - - - - - - - - - - - - - - - - - - - - - - - - - - - - - - - - - - - - -
(clock CLK)                    capture                             10000 R 
---------------------------------------------------------------------------
Cost Group   : 'CLK' (path_group 'CLK')
Timing slack :       0ps 
Start-point  : stage2_result_reg[4]/CK
End-point    : stage3_result_reg[127]/D

